web_basics :> touch index.html

web_basics :> git status
On branch master
Your branch is up-to-date with 'origin/master'.
Untracked files:
  (use "git add <file>..." to include in what will be committed)

	index.html

nothing added to commit but untracked files present (use "git add" to track)

web_basics :> subl .

web_basics :> ls
Screen Shot 2016-04-20 at 1.32.14 PM.png index.html

web_basics :> subl index.html

web_basics :> subl.
-bash: subl.: command not found

web_basics :> subl .

web_basics :> open index.html

web_basics :> git status
On branch master
Your branch is up-to-date with 'origin/master'.
Untracked files:
  (use "git add <file>..." to include in what will be committed)

	index.html

nothing added to commit but untracked files present (use "git add" to track)

web_basics :> git add index.html

web_basics :> git commit -m "Initial Commit"
[master 41b0807] Initial Commit
 1 file changed, 9 insertions(+)
 create mode 100644 html/web_basics/index.html

web_basics :> git status
On branch master
Your branch is ahead of 'origin/master' by 1 commit.
  (use "git push" to publish your local commits)
nothing to commit, working directory clean

web_basics :> git push
giUsername for 'https://github.com': ^R
dmanliclic715
Password for 'https://dmanliclic715@github.com': 
Counting objects: 5, done.
Delta compression using up to 4 threads.
Compressing objects: 100% (5/5), done.
Writing objects: 100% (5/5), 502 bytes | 0 bytes/s, done.
Total 5 (delta 2), reused 0 (delta 0)
To https://github.com/dmanliclic715/phase-0-tracks.git
   5347fc1..41b0807  master -> master

web_basics :> git status
On branch master
Your branch is up-to-date with 'origin/master'.
nothing to commit, working directory clean
